[2026-05-13 12:06:34] ALERT: NEW TRADITIONAL EX-10 EXHIBIT! Accession: 0001193125-26-220331, CIK: 2118032, Form: S-1/A, Type: EX-10.1, File: d43164dex101.htm
[2026-05-13 12:37:13] ALERT: NEW TRADITIONAL EX-10 EXHIBIT! Accession: 0001104659-26-059735, CIK: 1953926, Form: 10-Q, Type: EX-10.1, File: zbio-20260331xex10d1.htm
[2026-05-13 13:05:43] ALERT: NEW TRADITIONAL EX-10 EXHIBIT! Accession: 0001104659-26-059752, CIK: 1408443, Form: 10-Q, Type: EX-10.1, File: mist-20260331xex10d1.htm
[2026-05-13 13:32:14] ALERT: NEW TRADITIONAL EX-10 EXHIBIT! Accession: 0000950103-26-007131, CIK: 1468327, Form: 8-K, Type: EX-10.1, File: dp246596_ex1001.htm
[2026-05-13 13:48:29] ALERT: NEW TRADITIONAL EX-10 EXHIBIT! Accession: 0001829126-26-005067, CIK: 2010653, Form: 8-K, Type: EX-10.1, File: futurevision2_ex10-1.htm
[2026-05-13 13:51:31] ALERT: NEW TRADITIONAL EX-10 EXHIBIT! Accession: 0001213900-26-055364, CIK: 1861063, Form: 8-K, Type: EX-10.1, File: ea029036101ex10-1.htm
[2026-05-13 13:56:32] ALERT: NEW TRADITIONAL EX-10 EXHIBIT! Accession: 0002037804-26-000010, CIK: 2037804, Form: 10-Q, Type: EX-10.1, File: gs-newmountainxthirdamen.htm
[2026-05-13 14:01:47] ALERT: NEW TRADITIONAL EX-10 EXHIBIT! Accession: 0001493152-26-022460, CIK: 2129595, Form: S-1, Type: EX-10.1, File: ex10-1.htm
[2026-05-13 14:07:14] ALERT: NEW TRADITIONAL EX-10 EXHIBIT! Accession: 0001104659-26-059816, CIK: 1850119, Form: 10-Q, Type: EX-10.3, File: ipsc-20260331xex10d3.htm
[2026-05-13 14:13:15] ALERT: NEW TRADITIONAL EX-10 EXHIBIT! Accession: 0001193125-26-220656, CIK: 1422142, Form: 8-K, Type: EX-10.1, File: d854431dex101.htm
[2026-05-13 14:26:02] ALERT: NEW TRADITIONAL EX-10 EXHIBIT! Accession: 0001849820-26-000081, CIK: 1849820, Form: 8-K, Type: EX-10.1, File: amendmentno2-execution.htm
[2026-05-13 14:56:16] ALERT: NEW TRADITIONAL EX-10 EXHIBIT! Accession: 0001628280-26-034381, CIK: 1844505, Form: 10-Q, Type: EX-10.63, File: aq12026ex1063qtimaginghold.htm
[2026-05-13 15:07:40] ALERT: NEW TRADITIONAL EX-10 EXHIBIT! Accession: 0001637873-26-000023, CIK: 1637873, Form: 8-K, Type: EX-10.1, File: acva-asrmasterconfirmation.htm
[2026-05-14 12:31:49] ALERT: NEW TRADITIONAL EX-10 EXHIBIT! Accession: 0001477932-26-003070, CIK: 40570, Form: 10-Q, Type: EX-10.1, File: job_ex101.htm
[2026-05-14 18:01:18] ALERT: NEW TRADITIONAL EX-10 EXHIBIT! Accession: 0001140361-26-021186, CIK: 2115657, Form: 8-K, Type: EX-10.1, File: ef20073366_ex10-1.htm
[2026-05-15 14:42:26] ALERT: NEW TRADITIONAL EX-10 EXHIBIT! Accession: 0001355096-26-000019, CIK: 1355096, Form: 10-Q, Type: EX-10.2, File: qvcga-20260331ex102.htm
[2026-05-15 19:05:23] ALERT: NEW TRADITIONAL EX-10 EXHIBIT! Accession: 0001683168-26-003997, CIK: 1796949, Form: 10-Q, Type: EX-10.7, File: genflat_ex1007.htm
[2026-05-16 20:15:19] ALERT: NEW TRADITIONAL EX-10 EXHIBIT! Accession: 0001493152-26-023937, CIK: 1265521, Form: 8-K, Type: EX-10.1, File: ex10-1.htm
[2026-05-17 16:48:04] ALERT: NEW TRADITIONAL EX-10 EXHIBIT! Accession: 0001493152-26-023956, CIK: 1825079, Form: 8-K, Type: EX-10.1, File: ex10-1.htm
[2026-05-17 21:00:30] ALERT: NEW TRADITIONAL EX-10 EXHIBIT! Accession: 0001193125-26-227245, CIK: 1498382, Form: 10-Q, Type: EX-10.1, File: hura-ex10_1.htm
[2026-05-17 21:11:06] ALERT: NEW TRADITIONAL EX-10 EXHIBIT! Accession: 0001679688-26-000059, CIK: 1679688, Form: 8-K, Type: EX-10.1, File: exhibit101.htm
[2026-05-17 21:21:51] ALERT: NEW TRADITIONAL EX-10 EXHIBIT! Accession: 0001628280-26-035596, CIK: 1840780, Form: 8-K, Type: EX-10.1, File: a05-15x26form8xkalmassyxex.htm
[2026-05-17 21:32:20] ALERT: NEW TRADITIONAL EX-10 EXHIBIT! Accession: 0001493152-26-023769, CIK: 2068385, Form: 10-Q, Type: EX-10.17, File: ex10-17.htm
[2026-05-19 07:33:07] ALERT: NEW TRADITIONAL EX-10 EXHIBIT! Accession: 0001213900-26-058684, CIK: 2107195, Form: SCHEDULE 13D/A, Type: EX-10.1, File: ea029142301ex10-1.htm
[2026-05-19 12:00:46] ALERT: NEW TRADITIONAL EX-10 EXHIBIT! Accession: 0001493152-26-024251, CIK: 2082526, Form: S-1/A, Type: EX-10.1, File: ex10-1.htm
[2026-05-20 13:00:40] ALERT: NEW TRADITIONAL EX-10 EXHIBIT! Accession: 0000313143-26-000050, CIK: 313143, Form: 10-K, Type: EX-10.38, File: fy2026ex1038.htm
[2026-05-21 09:34:46] ALERT: NEW TRADITIONAL EX-10 EXHIBIT! Accession: 0001213900-26-059667, CIK: 2052373, Form: F-4, Type: EX-10.4, File: ea027151605ex10-4.htm
[2026-05-21 14:01:41] ALERT: NEW TRADITIONAL EX-10 EXHIBIT! Accession: 0001213900-26-059832, CIK: 2097163, Form: 6-K, Type: EX-10.1, File: ea029179101ex10-1.htm
[2026-05-22 15:01:19] ALERT: NEW TRADITIONAL EX-10 EXHIBIT! Accession: 0001140361-26-022539, CIK: 1531193, Form: S-1, Type: EX-10.1, File: ny20062301x4_ex10-1.htm
[2026-05-23 16:00:38] ALERT: NEW TRADITIONAL EX-10 EXHIBIT! Accession: 0001999371-26-011367, CIK: 2066337, Form: 8-K, Type: EX-10.1, File: ex10-1.htm
[2026-05-24 11:34:13] ALERT: NEW TRADITIONAL EX-10 EXHIBIT! Accession: 0001437749-26-018267, CIK: 1822791, Form: 8-K, Type: EX-10.1, File: ex_967330.htm
