[Wed May 13 06:12:02 AM CEST 2026] SEC listener running (PID 3762949)
[Wed May 13 07:00:01 AM CEST 2026] SEC listener running (PID 3762949)
[Wed May 13 08:00:01 AM CEST 2026] SEC listener running (PID 3762949)
[Wed May 13 09:00:01 AM CEST 2026] SEC listener running (PID 3762949)
[Wed May 13 10:00:01 AM CEST 2026] SEC listener running (PID 3762949)
[Wed May 13 11:00:01 AM CEST 2026] SEC listener running (PID 3762949)
[Wed May 13 12:00:01 PM CEST 2026] SEC listener running (PID 3762949)
[Wed May 13 01:00:01 PM CEST 2026] SEC listener running (PID 3762949)
[Wed May 13 01:51:44 PM CEST 2026] SEC listener running (PID 1063962)
[Wed May 13 02:00:01 PM CEST 2026] SEC listener running (PID 1063962)
[Wed May 13 03:00:01 PM CEST 2026] SEC listener running (PID 1063962)
[Wed May 13 05:00:01 PM CEST 2026] SEC listener NOT running. Restarting...
[Wed May 13 05:00:04 PM CEST 2026] Restarted successfully (PID 201945)
[Wed May 13 06:00:01 PM CEST 2026] SEC listener running (PID 201945)
[Wed May 13 07:00:01 PM CEST 2026] SEC listener running (PID 201945)
[Wed May 13 08:00:01 PM CEST 2026] SEC listener running (PID 201945)
[Wed May 13 09:00:01 PM CEST 2026] SEC listener running (PID 201945)
[Wed May 13 10:00:01 PM CEST 2026] SEC listener running (PID 201945)
[Wed May 13 11:00:01 PM CEST 2026] SEC listener running (PID 201945)
[Thu May 14 12:00:01 AM CEST 2026] SEC listener running (PID 201945)
[Thu May 14 01:00:01 AM CEST 2026] SEC listener running (PID 201945)
[Thu May 14 02:00:01 AM CEST 2026] SEC listener running (PID 201945)
[Thu May 14 03:00:01 AM CEST 2026] SEC listener running (PID 201945)
[Thu May 14 04:00:01 AM CEST 2026] SEC listener running (PID 201945)
[Thu May 14 05:00:01 AM CEST 2026] SEC listener running (PID 201945)
[Thu May 14 06:00:01 AM CEST 2026] SEC listener running (PID 201945)
[Thu May 14 07:00:01 AM CEST 2026] SEC listener running (PID 201945)
[Thu May 14 08:00:01 AM CEST 2026] SEC listener running (PID 201945)
[Thu May 14 09:00:01 AM CEST 2026] SEC listener running (PID 201945)
[Thu May 14 10:00:01 AM CEST 2026] SEC listener running (PID 201945)
[Thu May 14 11:00:01 AM CEST 2026] SEC listener running (PID 201945)
[Thu May 14 12:00:01 PM CEST 2026] SEC listener running (PID 201945)
[Thu May 14 01:00:01 PM CEST 2026] SEC listener running (PID 201945)
[Thu May 14 02:00:01 PM CEST 2026] SEC listener running (PID 201945)
[Thu May 14 03:00:01 PM CEST 2026] SEC listener running (PID 201945)
[Thu May 14 04:00:01 PM CEST 2026] SEC listener running (PID 201945)
[Thu May 14 05:00:01 PM CEST 2026] SEC listener running (PID 201945)
[Thu May 14 06:00:01 PM CEST 2026] SEC listener NOT running. Restarting...
[Thu May 14 06:00:04 PM CEST 2026] Restarted successfully (PID 987906)
[Thu May 14 07:00:01 PM CEST 2026] SEC listener running (PID 987906)
[Thu May 14 08:00:01 PM CEST 2026] SEC listener running (PID 987906)
[Thu May 14 09:00:01 PM CEST 2026] SEC listener running (PID 987906)
[Thu May 14 10:00:01 PM CEST 2026] SEC listener running (PID 987906)
[Thu May 14 11:00:01 PM CEST 2026] SEC listener running (PID 987906)
[Fri May 15 12:00:01 AM CEST 2026] SEC listener running (PID 987906)
[Fri May 15 01:00:04 AM CEST 2026] SEC listener running (PID 987906)
[Fri May 15 02:00:01 AM CEST 2026] SEC listener running (PID 987906)
[Fri May 15 03:00:01 AM CEST 2026] SEC listener running (PID 987906)
[Fri May 15 04:00:01 AM CEST 2026] SEC listener running (PID 987906)
[Fri May 15 05:00:01 AM CEST 2026] SEC listener running (PID 987906)
[Fri May 15 06:00:01 AM CEST 2026] SEC listener running (PID 987906)
[Fri May 15 07:00:01 AM CEST 2026] SEC listener running (PID 987906)
[Fri May 15 08:00:01 AM CEST 2026] SEC listener running (PID 987906)
[Fri May 15 09:00:01 AM CEST 2026] SEC listener running (PID 987906)
[Fri May 15 10:00:02 AM CEST 2026] SEC listener running (PID 987906)
[Fri May 15 11:00:01 AM CEST 2026] SEC listener running (PID 987906)
[Fri May 15 12:00:01 PM CEST 2026] SEC listener running (PID 987906)
[Fri May 15 01:00:01 PM CEST 2026] SEC listener running (PID 987906)
[Fri May 15 02:00:01 PM CEST 2026] SEC listener running (PID 987906)
[Fri May 15 03:00:01 PM CEST 2026] SEC listener running (PID 987906)
[Fri May 15 04:00:01 PM CEST 2026] SEC listener running (PID 987906)
[Fri May 15 05:00:01 PM CEST 2026] SEC listener running (PID 987906)
[Fri May 15 06:00:01 PM CEST 2026] SEC listener running (PID 987906)
[Fri May 15 07:00:01 PM CEST 2026] SEC listener NOT running. Restarting...
[Fri May 15 07:00:04 PM CEST 2026] Restarted successfully (PID 1709752)
[Fri May 15 08:00:01 PM CEST 2026] SEC listener running (PID 1709752)
[Fri May 15 09:00:01 PM CEST 2026] SEC listener running (PID 1709752)
[Fri May 15 10:00:01 PM CEST 2026] SEC listener running (PID 1709752)
[Fri May 15 11:00:01 PM CEST 2026] SEC listener running (PID 1709752)
[Sat May 16 12:00:01 AM CEST 2026] SEC listener running (PID 1709752)
[Sat May 16 01:00:01 AM CEST 2026] SEC listener running (PID 1709752)
[Sat May 16 02:00:01 AM CEST 2026] SEC listener running (PID 1709752)
[Sat May 16 03:00:01 AM CEST 2026] SEC listener running (PID 1709752)
[Sat May 16 04:00:01 AM CEST 2026] SEC listener running (PID 1709752)
[Sat May 16 05:00:01 AM CEST 2026] SEC listener running (PID 1709752)
[Sat May 16 06:00:01 AM CEST 2026] SEC listener running (PID 1709752)
[Sat May 16 07:00:01 AM CEST 2026] SEC listener running (PID 1709752)
[Sat May 16 08:00:01 AM CEST 2026] SEC listener running (PID 1709752)
[Sat May 16 09:00:01 AM CEST 2026] SEC listener running (PID 1709752)
[Sat May 16 10:00:02 AM CEST 2026] SEC listener running (PID 1709752)
[Sat May 16 11:00:01 AM CEST 2026] SEC listener running (PID 1709752)
[Sat May 16 12:00:01 PM CEST 2026] SEC listener running (PID 1709752)
[Sat May 16 01:00:01 PM CEST 2026] SEC listener running (PID 1709752)
[Sat May 16 02:00:01 PM CEST 2026] SEC listener running (PID 1709752)
[Sat May 16 03:00:01 PM CEST 2026] SEC listener running (PID 1709752)
[Sat May 16 04:00:01 PM CEST 2026] SEC listener running (PID 1709752)
[Sat May 16 05:00:01 PM CEST 2026] SEC listener running (PID 1709752)
[Sat May 16 06:00:01 PM CEST 2026] SEC listener running (PID 1709752)
[Sat May 16 07:00:01 PM CEST 2026] SEC listener running (PID 1709752)
[Sat May 16 08:00:01 PM CEST 2026] SEC listener NOT running. Restarting...
[Sat May 16 08:00:04 PM CEST 2026] Restarted successfully (PID 2718227)
[Sat May 16 09:00:01 PM CEST 2026] SEC listener running (PID 2718227)
[Sat May 16 10:00:01 PM CEST 2026] SEC listener running (PID 2718227)
[Sat May 16 11:00:01 PM CEST 2026] SEC listener running (PID 2718227)
[Sun May 17 12:00:01 AM CEST 2026] SEC listener running (PID 2718227)
[Sun May 17 01:00:01 AM CEST 2026] SEC listener running (PID 2718227)
[Sun May 17 02:00:01 AM CEST 2026] SEC listener running (PID 2718227)
[Sun May 17 03:00:01 AM CEST 2026] SEC listener running (PID 2718227)
[Sun May 17 04:00:01 AM CEST 2026] SEC listener running (PID 2718227)
[Sun May 17 05:00:01 AM CEST 2026] SEC listener running (PID 2718227)
[Sun May 17 06:00:01 AM CEST 2026] SEC listener running (PID 2718227)
[Sun May 17 07:00:01 AM CEST 2026] SEC listener running (PID 2718227)
[Sun May 17 08:00:01 AM CEST 2026] SEC listener running (PID 2718227)
[Sun May 17 09:00:01 AM CEST 2026] SEC listener running (PID 2718227)
[Sun May 17 10:00:01 AM CEST 2026] SEC listener running (PID 2718227)
[Sun May 17 11:00:01 AM CEST 2026] SEC listener running (PID 2718227)
[Sun May 17 12:00:01 PM CEST 2026] SEC listener running (PID 2718227)
[Sun May 17 01:00:01 PM CEST 2026] SEC listener running (PID 2718227)
[Sun May 17 02:00:01 PM CEST 2026] SEC listener running (PID 2718227)
[Sun May 17 03:00:01 PM CEST 2026] SEC listener running (PID 2718227)
[Sun May 17 04:00:01 PM CEST 2026] SEC listener running (PID 2718227)
[Sun May 17 05:00:01 PM CEST 2026] SEC listener running (PID 2718227)
[Sun May 17 06:00:01 PM CEST 2026] SEC listener running (PID 2718227)
[Sun May 17 07:00:01 PM CEST 2026] SEC listener running (PID 2718227)
[Sun May 17 08:00:01 PM CEST 2026] SEC listener running (PID 2718227)
[Sun May 17 09:00:01 PM CEST 2026] SEC listener NOT running. Restarting...
[Sun May 17 09:00:04 PM CEST 2026] Restarted successfully (PID 3563990)
[Sun May 17 10:00:01 PM CEST 2026] SEC listener running (PID 3563990)
[Sun May 17 11:00:01 PM CEST 2026] SEC listener running (PID 3563990)
[Mon May 18 12:00:02 AM CEST 2026] SEC listener running (PID 3563990)
[Mon May 18 01:00:01 AM CEST 2026] SEC listener running (PID 3563990)
[Mon May 18 02:00:01 AM CEST 2026] SEC listener running (PID 3563990)
[Mon May 18 03:00:01 AM CEST 2026] SEC listener running (PID 3563990)
[Mon May 18 04:00:01 AM CEST 2026] SEC listener running (PID 3563990)
[Mon May 18 05:00:01 AM CEST 2026] SEC listener running (PID 3563990)
[Mon May 18 06:00:01 AM CEST 2026] SEC listener running (PID 3563990)
[Mon May 18 07:00:01 AM CEST 2026] SEC listener running (PID 3563990)
[Mon May 18 08:00:01 AM CEST 2026] SEC listener running (PID 3563990)
[Mon May 18 09:00:01 AM CEST 2026] SEC listener running (PID 3563990)
[Mon May 18 10:00:01 AM CEST 2026] SEC listener running (PID 3563990)
[Mon May 18 11:00:01 AM CEST 2026] SEC listener NOT running. Restarting...
[Mon May 18 11:00:04 AM CEST 2026] Restarted successfully (PID 47590)
[Mon May 18 12:00:01 PM CEST 2026] SEC listener running (PID 47590)
[Mon May 18 01:00:01 PM CEST 2026] SEC listener running (PID 47590)
[Mon May 18 02:00:01 PM CEST 2026] SEC listener running (PID 47590)
[Mon May 18 03:00:01 PM CEST 2026] SEC listener running (PID 47590)
[Mon May 18 04:00:01 PM CEST 2026] SEC listener running (PID 47590)
[Mon May 18 05:00:01 PM CEST 2026] SEC listener running (PID 47590)
[Mon May 18 06:00:01 PM CEST 2026] SEC listener running (PID 47590)
[Mon May 18 07:00:01 PM CEST 2026] SEC listener running (PID 47590)
[Mon May 18 08:00:01 PM CEST 2026] SEC listener running (PID 47590)
[Mon May 18 09:00:01 PM CEST 2026] SEC listener running (PID 47590)
[Mon May 18 10:00:01 PM CEST 2026] SEC listener running (PID 47590)
[Mon May 18 11:00:01 PM CEST 2026] SEC listener running (PID 47590)
[Tue May 19 12:00:01 AM CEST 2026] SEC listener running (PID 47590)
[Tue May 19 01:00:01 AM CEST 2026] SEC listener running (PID 47590)
[Tue May 19 02:00:01 AM CEST 2026] SEC listener running (PID 47590)
[Tue May 19 03:00:01 AM CEST 2026] SEC listener running (PID 47590)
[Tue May 19 04:00:01 AM CEST 2026] SEC listener running (PID 47590)
[Tue May 19 05:00:01 AM CEST 2026] SEC listener running (PID 47590)
[Tue May 19 06:00:01 AM CEST 2026] SEC listener running (PID 47590)
[Tue May 19 07:00:01 AM CEST 2026] SEC listener running (PID 47590)
[Tue May 19 08:00:01 AM CEST 2026] SEC listener running (PID 47590)
[Tue May 19 09:00:01 AM CEST 2026] SEC listener running (PID 47590)
[Tue May 19 10:00:01 AM CEST 2026] SEC listener running (PID 47590)
[Tue May 19 11:00:01 AM CEST 2026] SEC listener running (PID 47590)
[Tue May 19 12:00:01 PM CEST 2026] SEC listener NOT running. Restarting...
[Tue May 19 12:00:04 PM CEST 2026] Restarted successfully (PID 1698075)
[Tue May 19 01:00:01 PM CEST 2026] SEC listener running (PID 1698075)
[Tue May 19 02:00:02 PM CEST 2026] SEC listener running (PID 1698075)
[Tue May 19 03:00:01 PM CEST 2026] SEC listener running (PID 1698075)
[Tue May 19 04:00:01 PM CEST 2026] SEC listener running (PID 1698075)
[Tue May 19 05:00:01 PM CEST 2026] SEC listener running (PID 1698075)
[Tue May 19 06:00:01 PM CEST 2026] SEC listener running (PID 1698075)
[Tue May 19 07:00:01 PM CEST 2026] SEC listener running (PID 1698075)
[Tue May 19 08:00:01 PM CEST 2026] SEC listener running (PID 1698075)
[Tue May 19 09:00:01 PM CEST 2026] SEC listener running (PID 1698075)
[Tue May 19 10:00:01 PM CEST 2026] SEC listener running (PID 1698075)
[Tue May 19 11:00:01 PM CEST 2026] SEC listener running (PID 1698075)
[Wed May 20 12:00:01 AM CEST 2026] SEC listener running (PID 1698075)
[Wed May 20 01:00:01 AM CEST 2026] SEC listener running (PID 1698075)
[Wed May 20 02:00:01 AM CEST 2026] SEC listener running (PID 1698075)
[Wed May 20 03:00:01 AM CEST 2026] SEC listener running (PID 1698075)
[Wed May 20 04:00:01 AM CEST 2026] SEC listener running (PID 1698075)
[Wed May 20 05:00:01 AM CEST 2026] SEC listener running (PID 1698075)
[Wed May 20 06:00:01 AM CEST 2026] SEC listener running (PID 1698075)
[Wed May 20 07:00:01 AM CEST 2026] SEC listener running (PID 1698075)
[Wed May 20 08:00:01 AM CEST 2026] SEC listener running (PID 1698075)
[Wed May 20 09:00:01 AM CEST 2026] SEC listener running (PID 1698075)
[Wed May 20 10:00:01 AM CEST 2026] SEC listener running (PID 1698075)
[Wed May 20 11:00:01 AM CEST 2026] SEC listener running (PID 1698075)
[Wed May 20 12:00:01 PM CEST 2026] SEC listener running (PID 1698075)
[Wed May 20 01:00:01 PM CEST 2026] SEC listener NOT running. Restarting...
[Wed May 20 01:00:04 PM CEST 2026] Restarted successfully (PID 3172034)
[Wed May 20 02:00:01 PM CEST 2026] SEC listener running (PID 3172034)
[Wed May 20 03:00:02 PM CEST 2026] SEC listener running (PID 3172034)
[Wed May 20 04:00:01 PM CEST 2026] SEC listener running (PID 3172034)
[Wed May 20 05:00:01 PM CEST 2026] SEC listener running (PID 3172034)
[Wed May 20 06:00:01 PM CEST 2026] SEC listener running (PID 3172034)
[Wed May 20 07:00:01 PM CEST 2026] SEC listener running (PID 3172034)
[Wed May 20 08:00:01 PM CEST 2026] SEC listener running (PID 3172034)
[Wed May 20 09:00:01 PM CEST 2026] SEC listener running (PID 3172034)
[Wed May 20 10:00:01 PM CEST 2026] SEC listener running (PID 3172034)
[Wed May 20 11:00:01 PM CEST 2026] SEC listener running (PID 3172034)
[Thu May 21 12:00:01 AM CEST 2026] SEC listener running (PID 3172034)
[Thu May 21 01:00:01 AM CEST 2026] SEC listener running (PID 3172034)
[Thu May 21 02:00:01 AM CEST 2026] SEC listener running (PID 3172034)
[Thu May 21 03:00:01 AM CEST 2026] SEC listener running (PID 3172034)
[Thu May 21 04:00:01 AM CEST 2026] SEC listener running (PID 3172034)
[Thu May 21 05:00:01 AM CEST 2026] SEC listener running (PID 3172034)
[Thu May 21 06:00:01 AM CEST 2026] SEC listener running (PID 3172034)
[Thu May 21 07:00:01 AM CEST 2026] SEC listener running (PID 3172034)
[Thu May 21 08:00:01 AM CEST 2026] SEC listener running (PID 3172034)
[Thu May 21 09:00:01 AM CEST 2026] SEC listener running (PID 3172034)
[Thu May 21 10:00:01 AM CEST 2026] SEC listener running (PID 3172034)
[Thu May 21 11:00:01 AM CEST 2026] SEC listener running (PID 3172034)
[Thu May 21 12:00:01 PM CEST 2026] SEC listener running (PID 3172034)
[Thu May 21 01:00:01 PM CEST 2026] SEC listener running (PID 3172034)
[Thu May 21 02:00:01 PM CEST 2026] SEC listener NOT running. Restarting...
[Thu May 21 02:00:04 PM CEST 2026] Restarted successfully (PID 3739624)
[Thu May 21 03:00:01 PM CEST 2026] SEC listener running (PID 3739624)
[Thu May 21 04:00:01 PM CEST 2026] SEC listener running (PID 3739624)
[Thu May 21 05:00:01 PM CEST 2026] SEC listener running (PID 3739624)
[Thu May 21 06:00:01 PM CEST 2026] SEC listener running (PID 3739624)
[Thu May 21 07:00:01 PM CEST 2026] SEC listener running (PID 3739624)
[Thu May 21 08:00:01 PM CEST 2026] SEC listener running (PID 3739624)
[Thu May 21 09:00:01 PM CEST 2026] SEC listener running (PID 3739624)
[Thu May 21 10:00:01 PM CEST 2026] SEC listener running (PID 3739624)
[Thu May 21 11:00:01 PM CEST 2026] SEC listener running (PID 3739624)
[Fri May 22 12:00:01 AM CEST 2026] SEC listener running (PID 3739624)
[Fri May 22 01:00:01 AM CEST 2026] SEC listener running (PID 3739624)
[Fri May 22 02:00:01 AM CEST 2026] SEC listener running (PID 3739624)
[Fri May 22 03:00:01 AM CEST 2026] SEC listener running (PID 3739624)
[Fri May 22 04:00:01 AM CEST 2026] SEC listener running (PID 3739624)
[Fri May 22 05:00:01 AM CEST 2026] SEC listener running (PID 3739624)
[Fri May 22 06:00:01 AM CEST 2026] SEC listener running (PID 3739624)
[Fri May 22 07:00:01 AM CEST 2026] SEC listener running (PID 3739624)
[Fri May 22 08:00:01 AM CEST 2026] SEC listener running (PID 3739624)
[Fri May 22 09:00:01 AM CEST 2026] SEC listener running (PID 3739624)
[Fri May 22 10:00:01 AM CEST 2026] SEC listener running (PID 3739624)
[Fri May 22 11:00:01 AM CEST 2026] SEC listener running (PID 3739624)
[Fri May 22 12:00:01 PM CEST 2026] SEC listener running (PID 3739624)
[Fri May 22 01:00:01 PM CEST 2026] SEC listener running (PID 3739624)
[Fri May 22 02:00:01 PM CEST 2026] SEC listener running (PID 3739624)
[Fri May 22 03:00:01 PM CEST 2026] SEC listener NOT running. Restarting...
[Fri May 22 03:00:04 PM CEST 2026] Restarted successfully (PID 60980)
[Fri May 22 04:00:01 PM CEST 2026] SEC listener running (PID 60980)
[Fri May 22 05:00:01 PM CEST 2026] SEC listener running (PID 60980)
[Fri May 22 06:00:01 PM CEST 2026] SEC listener running (PID 60980)
[Fri May 22 07:00:02 PM CEST 2026] SEC listener running (PID 60980)
[Fri May 22 08:00:01 PM CEST 2026] SEC listener running (PID 60980)
[Fri May 22 09:00:01 PM CEST 2026] SEC listener running (PID 60980)
[Fri May 22 10:00:01 PM CEST 2026] SEC listener running (PID 60980)
[Fri May 22 11:00:01 PM CEST 2026] SEC listener running (PID 60980)
[Sat May 23 12:00:01 AM CEST 2026] SEC listener running (PID 60980)
[Sat May 23 01:00:01 AM CEST 2026] SEC listener running (PID 60980)
[Sat May 23 02:00:01 AM CEST 2026] SEC listener running (PID 60980)
[Sat May 23 03:00:02 AM CEST 2026] SEC listener running (PID 60980)
[Sat May 23 04:00:01 AM CEST 2026] SEC listener running (PID 60980)
[Sat May 23 05:00:01 AM CEST 2026] SEC listener running (PID 60980)
[Sat May 23 06:00:01 AM CEST 2026] SEC listener running (PID 60980)
[Sat May 23 07:00:01 AM CEST 2026] SEC listener running (PID 60980)
[Sat May 23 08:00:01 AM CEST 2026] SEC listener running (PID 60980)
[Sat May 23 09:00:01 AM CEST 2026] SEC listener running (PID 60980)
[Sat May 23 10:00:01 AM CEST 2026] SEC listener running (PID 60980)
[Sat May 23 11:00:01 AM CEST 2026] SEC listener running (PID 60980)
[Sat May 23 12:00:01 PM CEST 2026] SEC listener running (PID 60980)
[Sat May 23 01:00:01 PM CEST 2026] SEC listener running (PID 60980)
[Sat May 23 02:00:01 PM CEST 2026] SEC listener running (PID 60980)
[Sat May 23 03:00:01 PM CEST 2026] SEC listener running (PID 60980)
[Sat May 23 04:00:01 PM CEST 2026] SEC listener NOT running. Restarting...
[Sat May 23 04:00:04 PM CEST 2026] Restarted successfully (PID 686711)
[Sat May 23 05:00:01 PM CEST 2026] SEC listener running (PID 686711)
[Sat May 23 06:00:01 PM CEST 2026] SEC listener running (PID 686711)
[Sat May 23 07:00:01 PM CEST 2026] SEC listener running (PID 686711)
[Sat May 23 08:00:01 PM CEST 2026] SEC listener running (PID 686711)
[Sat May 23 09:00:01 PM CEST 2026] SEC listener running (PID 686711)
[Sat May 23 10:00:01 PM CEST 2026] SEC listener running (PID 686711)
[Sat May 23 11:00:01 PM CEST 2026] SEC listener running (PID 686711)
[Sun May 24 12:00:01 AM CEST 2026] SEC listener running (PID 686711)
[Sun May 24 01:00:01 AM CEST 2026] SEC listener running (PID 686711)
[Sun May 24 02:00:01 AM CEST 2026] SEC listener running (PID 686711)
[Sun May 24 03:00:01 AM CEST 2026] SEC listener running (PID 686711)
[Sun May 24 04:00:01 AM CEST 2026] SEC listener running (PID 686711)
[Sun May 24 05:00:01 AM CEST 2026] SEC listener running (PID 686711)
[Sun May 24 06:00:01 AM CEST 2026] SEC listener running (PID 686711)
[Sun May 24 07:00:01 AM CEST 2026] SEC listener running (PID 686711)
[Sun May 24 08:00:01 AM CEST 2026] SEC listener running (PID 686711)
[Sun May 24 09:00:01 AM CEST 2026] SEC listener running (PID 686711)
[Sun May 24 10:00:01 AM CEST 2026] SEC listener running (PID 686711)
[Sun May 24 11:00:01 AM CEST 2026] SEC listener running (PID 686711)
[Sun May 24 12:00:01 PM CEST 2026] SEC listener running (PID 686711)
[Sun May 24 01:00:01 PM CEST 2026] SEC listener running (PID 686711)
[Sun May 24 02:00:01 PM CEST 2026] SEC listener running (PID 686711)
[Sun May 24 03:00:01 PM CEST 2026] SEC listener running (PID 686711)
